// Jest Snapshot v1, https://goo.gl/fbAQLP

exports[`Should render EditExpense page correctly 1`] = `
<div>
  <h1>
    Editing Expense: 
    1
  </h1>
  <ExpenseForm
    expense={
      Object {
        "amount": 10000,
        "createdAt": 8000,
        "description": "pen",
        "id": "1",
        "note": "test note for test expense",
      }
    }
    onSubmit={[Function]}
  />
  <button
    onClick={[Function]}
  >
    Remove
  </button>
</div>
`;
