// Jest Snapshot v1, https://goo.gl/fbAQLP

exports[`Should match the snapshot 1`] = `
<div>
  <header>
    <h1>
      Keilon Software Solutions Private Ltd
    </h1>
    <table>
      <tbody>
        <tr>
          <td>
            <NavLink
              activeClassName="is-active"
              to="/dashboard"
            >
              Home
            </NavLink>
          </td>
          <td>
            <NavLink
              activeClassName="is-active"
              to="/create"
            >
              Add Expense
            </NavLink>
          </td>
          <td>
            <button
              onClick={[MockFunction]}
            >
              Log Out
            </button>
          </td>
        </tr>
      </tbody>
    </table>
  </header>
</div>
`;
