// Jest Snapshot v1, https://goo.gl/fbAQLP

exports[`Should match the snapshot 1`] = `
<nav
  className="navbar navbar-expand-lg navbar-dark bg-dark"
>
  <a
    className="navbar-brand"
    href="/dashboard"
  >
    <h1>
      Keilon Software Solutions Private Ltd
    </h1>
  </a>
  <button
    aria-controls="navbarSupportedContent"
    aria-expanded="false"
    aria-label="Toggle navigation"
    className="navbar-toggler"
    data-target="#navbarSupportedContent"
    data-toggle="collapse"
    type="button"
  >
    <span
      className="navbar-toggler-icon"
    />
  </button>
  <div
    className="collapse navbar-collapse"
    id="navbarSupportedContent"
  >
    <ul
      className="navbar-nav ml-auto"
    >
      <li
        className="nav-item"
      >
        <NavLink
          to="/dashboard"
        >
          Home
        </NavLink>
      </li>
      <li
        className="nav-item"
      >
        <NavLink
          to="/create"
        >
          Add Expense
        </NavLink>
      </li>
      <li
        className="nav-item"
      >
        <button
          className="btn btn-primary btn-lg"
          onClick={[MockFunction]}
        >
          <i
            class="fas fa-sign-out-alt"
          >
            Logout
          </i>
        </button>
      </li>
    </ul>
  </div>
</nav>
`;
